Traceback (most recent call last):
  File "/Users/uni/Desktop/Lehre/python_class/venv.nosync/lib/python3.8/site-packages/jupyter_cache/executors/utils.py", line 51, in single_nb_execution
    executenb(
  File "/Users/uni/Desktop/Lehre/python_class/venv.nosync/lib/python3.8/site-packages/nbclient/client.py", line 1204, in execute
    return NotebookClient(nb=nb, resources=resources, km=km, **kwargs).execute()
  File "/Users/uni/Desktop/Lehre/python_class/venv.nosync/lib/python3.8/site-packages/nbclient/util.py", line 84, in wrapped
    return just_run(coro(*args, **kwargs))
  File "/Users/uni/Desktop/Lehre/python_class/venv.nosync/lib/python3.8/site-packages/nbclient/util.py", line 62, in just_run
    return loop.run_until_complete(coro)
  File "/Library/Frameworks/Python.framework/Versions/3.8/lib/python3.8/asyncio/base_events.py", line 616, in run_until_complete
    return future.result()
  File "/Users/uni/Desktop/Lehre/python_class/venv.nosync/lib/python3.8/site-packages/nbclient/client.py", line 663, in async_execute
    await self.async_execute_cell(
  File "/Users/uni/Desktop/Lehre/python_class/venv.nosync/lib/python3.8/site-packages/nbclient/client.py", line 965, in async_execute_cell
    await self._check_raise_for_error(cell, cell_index, exec_reply)
  File "/Users/uni/Desktop/Lehre/python_class/venv.nosync/lib/python3.8/site-packages/nbclient/client.py", line 862, in _check_raise_for_error
    raise CellExecutionError.from_cell_and_msg(cell, exec_reply_content)
nbclient.exceptions.CellExecutionError: An error occurred while executing the following cell:
------------------
from jupyter_dash import Dash 
from dash import dcc
from dash import html
from dash.dependencies import Input, Output

app = Dash('myFirstReactive')

app.layout = html.Div([
    html.P(children="Input: "),
    dcc.Input(id='inum', value='', type='number'),
    html.P(id='outext')
])

@app.callback(
    Output(component_id='outext', component_property='children'),
    Input(component_id='inum', component_property='value')
)
def div_outext(num):
    return f'times two: {num*2}'

#app.run()
------------------

[0;31m---------------------------------------------------------------------------[0m
[0;31mImportError[0m                               Traceback (most recent call last)
Input [0;32mIn [1][0m, in [0;36m<cell line: 1>[0;34m()[0m
[0;32m----> 1[0m [38;5;28;01mfrom[39;00m [38;5;21;01mjupyter_dash[39;00m [38;5;28;01mimport[39;00m Dash 
[1;32m      2[0m [38;5;28;01mfrom[39;00m [38;5;21;01mdash[39;00m [38;5;28;01mimport[39;00m dcc
[1;32m      3[0m [38;5;28;01mfrom[39;00m [38;5;21;01mdash[39;00m [38;5;28;01mimport[39;00m html

[0;31mImportError[0m: cannot import name 'Dash' from 'jupyter_dash' (/Users/uni/Desktop/Lehre/python_class/venv.nosync/lib/python3.8/site-packages/jupyter_dash/__init__.py)
ImportError: cannot import name 'Dash' from 'jupyter_dash' (/Users/uni/Desktop/Lehre/python_class/venv.nosync/lib/python3.8/site-packages/jupyter_dash/__init__.py)

