Traceback (most recent call last):
  File "/Users/uni/Desktop/Lehre/python_class/venv.nosync/lib/python3.8/site-packages/jupyter_cache/executors/utils.py", line 51, in single_nb_execution
    executenb(
  File "/Users/uni/Desktop/Lehre/python_class/venv.nosync/lib/python3.8/site-packages/nbclient/client.py", line 1204, in execute
    return NotebookClient(nb=nb, resources=resources, km=km, **kwargs).execute()
  File "/Users/uni/Desktop/Lehre/python_class/venv.nosync/lib/python3.8/site-packages/nbclient/util.py", line 84, in wrapped
    return just_run(coro(*args, **kwargs))
  File "/Users/uni/Desktop/Lehre/python_class/venv.nosync/lib/python3.8/site-packages/nbclient/util.py", line 62, in just_run
    return loop.run_until_complete(coro)
  File "/Library/Frameworks/Python.framework/Versions/3.8/lib/python3.8/asyncio/base_events.py", line 616, in run_until_complete
    return future.result()
  File "/Users/uni/Desktop/Lehre/python_class/venv.nosync/lib/python3.8/site-packages/nbclient/client.py", line 663, in async_execute
    await self.async_execute_cell(
  File "/Users/uni/Desktop/Lehre/python_class/venv.nosync/lib/python3.8/site-packages/nbclient/client.py", line 965, in async_execute_cell
    await self._check_raise_for_error(cell, cell_index, exec_reply)
  File "/Users/uni/Desktop/Lehre/python_class/venv.nosync/lib/python3.8/site-packages/nbclient/client.py", line 862, in _check_raise_for_error
    raise CellExecutionError.from_cell_and_msg(cell, exec_reply_content)
nbclient.exceptions.CellExecutionError: An error occurred while executing the following cell:
------------------
from sklearn.datasets import make_blobs
import pandas as pd
import numpy as np
from sklearn.cluster import KMeans
from sklearn.metrics import silhouette_samples
import matplotlib.pylab as plt

colors = ["#1f77b4", "#ff7f0e", "#2ca02c" , 'red']
X, clusters = make_blobs(n_samples=300, n_features=2, centers=4, random_state=42, cluster_std=2)
df = pd.DataFrame(X, columns=["x_1", "x_2"])

scores = []
max_clusters = 7
for n_cluster in range(2, max_clusters): 
    kmeans = KMeans(n_clusters = n_cluster, n_init = "auto", random_state = 42)
    kmeans.fit(X)
    silhouette_scores = silhouette_samples(X, kmeans.labels_, metric = "euclidean")
    scores.append(silhouette_scores.mean())

fig, axs = plt.subplots(1, 2, figsize = (12, 5))
axs[0].plot(scores)
axs[0].set_xticks([0, 1, 2, 3, 4], ["2", "3", "4", "5", "6"])
axs[0].set_xlabel("Number of clusters")
axs[0].set_ylabel("Average silhouette score")


kmeans = KMeans(n_clusters=3, n_init = "auto")
kmeans.fit(X)
df.loc[:, "cluster"] = kmeans.labels_
for i in range(3):
    df[df.cluster == i].plot.scatter(x = "x_1", y = "x_2", c = colors[i], ax = axs[1], label = f"Cluster {i}")
axs[1].set_xlabel(r"$x_1$")
axs[1].set_ylabel(r"$x_2$")
axs[1].set_title(r"Estimated cluster assignments for $K=3$")

plt.show()
------------------

[0;31m---------------------------------------------------------------------------[0m
[0;31mTypeError[0m                                 Traceback (most recent call last)
Input [0;32mIn [13][0m, in [0;36m<cell line: 14>[0;34m()[0m
[1;32m     14[0m [38;5;28;01mfor[39;00m n_cluster [38;5;129;01min[39;00m [38;5;28mrange[39m([38;5;241m2[39m, max_clusters): 
[1;32m     15[0m     kmeans [38;5;241m=[39m KMeans(n_clusters [38;5;241m=[39m n_cluster, n_init [38;5;241m=[39m [38;5;124m"[39m[38;5;124mauto[39m[38;5;124m"[39m, random_state [38;5;241m=[39m [38;5;241m42[39m)
[0;32m---> 16[0m     [43mkmeans[49m[38;5;241;43m.[39;49m[43mfit[49m[43m([49m[43mX[49m[43m)[49m
[1;32m     17[0m     silhouette_scores [38;5;241m=[39m silhouette_samples(X, kmeans[38;5;241m.[39mlabels_, metric [38;5;241m=[39m [38;5;124m"[39m[38;5;124meuclidean[39m[38;5;124m"[39m)
[1;32m     18[0m     scores[38;5;241m.[39mappend(silhouette_scores[38;5;241m.[39mmean())

File [0;32m~/Desktop/Lehre/python_class/venv.nosync/lib/python3.8/site-packages/sklearn/cluster/_kmeans.py:1146[0m, in [0;36mKMeans.fit[0;34m(self, X, y, sample_weight)[0m
[1;32m   1112[0m [38;5;124;03m"""Compute k-means clustering.[39;00m
[1;32m   1113[0m 
[1;32m   1114[0m [38;5;124;03mParameters[39;00m
[0;32m   (...)[0m
[1;32m   1135[0m [38;5;124;03m    Fitted estimator.[39;00m
[1;32m   1136[0m [38;5;124;03m"""[39;00m
[1;32m   1137[0m X [38;5;241m=[39m [38;5;28mself[39m[38;5;241m.[39m_validate_data(
[1;32m   1138[0m     X,
[1;32m   1139[0m     accept_sparse[38;5;241m=[39m[38;5;124m"[39m[38;5;124mcsr[39m[38;5;124m"[39m,
[0;32m   (...)[0m
[1;32m   1143[0m     accept_large_sparse[38;5;241m=[39m[38;5;28;01mFalse[39;00m,
[1;32m   1144[0m )
[0;32m-> 1146[0m [38;5;28;43mself[39;49m[38;5;241;43m.[39;49m[43m_check_params[49m[43m([49m[43mX[49m[43m)[49m
[1;32m   1147[0m random_state [38;5;241m=[39m check_random_state([38;5;28mself[39m[38;5;241m.[39mrandom_state)
[1;32m   1148[0m sample_weight [38;5;241m=[39m _check_sample_weight(sample_weight, X, dtype[38;5;241m=[39mX[38;5;241m.[39mdtype)

File [0;32m~/Desktop/Lehre/python_class/venv.nosync/lib/python3.8/site-packages/sklearn/cluster/_kmeans.py:937[0m, in [0;36mKMeans._check_params[0;34m(self, X)[0m
[1;32m    935[0m [38;5;28;01mdef[39;00m [38;5;21m_check_params[39m([38;5;28mself[39m, X):
[1;32m    936[0m     [38;5;66;03m# n_init[39;00m
[0;32m--> 937[0m     [38;5;28;01mif[39;00m [38;5;28;43mself[39;49m[38;5;241;43m.[39;49m[43mn_init[49m[43m [49m[38;5;241;43m<[39;49m[38;5;241;43m=[39;49m[43m [49m[38;5;241;43m0[39;49m:
[1;32m    938[0m         [38;5;28;01mraise[39;00m [38;5;167;01mValueError[39;00m([38;5;124mf[39m[38;5;124m"[39m[38;5;124mn_init should be > 0, got [39m[38;5;132;01m{[39;00m[38;5;28mself[39m[38;5;241m.[39mn_init[38;5;132;01m}[39;00m[38;5;124m instead.[39m[38;5;124m"[39m)
[1;32m    939[0m     [38;5;28mself[39m[38;5;241m.[39m_n_init [38;5;241m=[39m [38;5;28mself[39m[38;5;241m.[39mn_init

[0;31mTypeError[0m: '<=' not supported between instances of 'str' and 'int'
TypeError: '<=' not supported between instances of 'str' and 'int'

